[INFO] Scanning for projects...
[INFO] 
[INFO] ---------------------< com.med:frida-calculs-api >----------------------
[INFO] Building frida-calculs-api 1.0.0
[INFO]   from pom.xml
[INFO] --------------------------------[ jar ]---------------------------------
[INFO] 
[INFO] --- resources:3.3.1:resources (default-resources) @ frida-calculs-api ---
[INFO] Copying 1 resource from src\main\resources to target\classes
[INFO] Copying 0 resource from src\main\resources to target\classes
[INFO] 
[INFO] --- compiler:3.13.0:compile (default-compile) @ frida-calculs-api ---
[INFO] Nothing to compile - all classes are up to date.
[INFO] 
[INFO] --- resources:3.3.1:testResources (default-testResources) @ frida-calculs-api ---
[INFO] skip non existing resourceDirectory C:\Users\hamoh\Documents\projets\frida\frida-micros\frida_calculs_api\src\test\resources
[INFO] 
[INFO] --- compiler:3.13.0:testCompile (default-testCompile) @ frida-calculs-api ---
[INFO] Nothing to compile - all classes are up to date.
[INFO] 
[INFO] --- surefire:3.5.2:test (default-test) @ frida-calculs-api ---
[INFO] Using auto detected provider org.apache.maven.surefire.junitplatform.JUnitPlatformProvider
[INFO] 
[INFO] -------------------------------------------------------
[INFO]  T E S T S
[INFO] -------------------------------------------------------
[INFO] Running com.med.frida_calculs_app.CalculPartsServiceTest
17:12:58.600 [main] INFO org.springframework.test.context.support.AnnotationConfigContextLoaderUtils -- Could not detect default configuration classes for test class [com.med.frida_calculs_app.CalculPartsServiceTest]: CalculPartsServiceTest does not declare any static, non-private, non-final, nested classes annotated with @Configuration.
17:12:58.980 [main] INFO org.springframework.boot.test.context.SpringBootTestContextBootstrapper -- Found @SpringBootConfiguration com.med.frida_calculs_app.FridaCalculsAppApplication for test class com.med.frida_calculs_app.CalculPartsServiceTest
17:12:59.540 [main] INFO org.springframework.boot.devtools.restart.RestartApplicationListener -- Restart disabled due to context in which it is running

  .   ____          _            __ _ _
 /\\ / ___'_ __ _ _(_)_ __  __ _ \ \ \ \
( ( )\___ | '_ | '_| | '_ \/ _` | \ \ \ \
 \\/  ___)| |_)| | | | | || (_| |  ) ) ) )
  '  |____| .__|_| |_|_| |_\__, | / / / /
 =========|_|==============|___/=/_/_/_/

 :: Spring Boot ::                (v3.4.2)

2026-02-11 17:13:00 - Starting CalculPartsServiceTest using Java 21.0.9 with PID 33228 (started by hamoh in C:\Users\hamoh\Documents\projets\frida\frida-micros\frida_calculs_api)
2026-02-11 17:13:00 - Running with Spring Boot v3.4.2, Spring v6.2.2
2026-02-11 17:13:00 - No active profile set, falling back to 1 default profile: "default"
2026-02-11 17:13:07 - CORS - Origins autorisées: [http://localhost:4200, http://localhost:3000, http://localhost:8080]
2026-02-11 17:13:07 - CORS - Méthodes autorisées: [GET, POST, PUT, DELETE, OPTIONS]
2026-02-11 17:13:07 - Configuration CORS initialisée avec succès
2026-02-11 17:13:11 - Exposing 3 endpoints beneath base path '/actuator'
2026-02-11 17:13:11 - Started CalculPartsServiceTest in 12.325 seconds (process running for 14.92)
.\mvnw.cmd : Mockito is currently self-attaching to 
enable the inline-mock-maker. This will no longer 
work in future releases of the JDK. Please add 
Mockito as an agent to your build what is described 
in Mockito's documentation: https://javadoc.io/doc/org
.mockito/mockito-core/latest/org/mockito/Mockito.html#
0.3
Au caractère Ligne:1 : 1
+ .\mvnw.cmd test -Dtest=CalculPartsServiceTest > 
test_log.txt 2>&1
+ ~~~~~~~~~~~~~~~~~~~~~~~~~~~~~~~~~~~~~~~~~~~~~~~~~~~~
~~~~~~~~~~~~~
    + CategoryInfo          : NotSpecified: (Mockito  
   is curr...ockito.html#0.3:String) [], RemoteExcep  
  tion
    + FullyQualifiedErrorId : NativeCommandError
 
WARNING: A Java agent has been loaded dynamically (C:\
Users\hamoh\.m2\repository\net\bytebuddy\byte-buddy-ag
ent\1.15.11\byte-buddy-agent-1.15.11.jar)
WARNING: If a serviceability tool is in use, please 
run with -XX:+EnableDynamicAgentLoading to hide this 
warning
WARNING: If a serviceability tool is not in use, 
please run with -Djdk.instrument.traceUsage for more 
information
WARNING: Dynamic loading of agents will be disallowed 
by default in a future release
OpenJDK 64-Bit Server VM warning: Sharing is only 
supported for boot loader classes because bootstrap 
classpath has been appended
2026-02-11 17:13:15 - Paramètres traités : conjoint_vivant = true, pere_vivant = true, mere_vivante = true, nb_filles = 2, nb_garcons = 1, nb_soeurs = 0, nb_freres = 0
2026-02-11 17:13:15 - Héritage part de départ : 1/1
2026-02-11 17:13:15 - conjoint : 1/8 
2026-02-11 17:13:15 - restant après conjoint : 7/8 
2026-02-11 17:13:15 - pere : 1/6 
2026-02-11 17:13:15 - restant après père : 17/24 
2026-02-11 17:13:15 - mere : 1/6 
2026-02-11 17:13:15 - restant après mère : 13/24
2026-02-11 17:13:15 - fille : 13/96 
2026-02-11 17:13:15 - restant après fille : 13/48 
2026-02-11 17:13:15 - garcon : 13/48 
2026-02-11 17:13:15 - restant après garçon : 0/1 
2026-02-11 17:13:15 - Part restant non distribué à la fin : 0/1 
2026-02-11 17:13:15 - fractionListMemeDenominateur : [12/96, 16/96, 16/96, 13/96, 26/96, 0/96]
2026-02-11 17:13:15 - Paramètres traités : conjoint_vivant = true, pere_vivant = false, mere_vivante = false, nb_filles = 0, nb_garcons = 0, nb_soeurs = 0, nb_freres = 0
2026-02-11 17:13:15 - Héritage part de départ : 1/1
2026-02-11 17:13:15 - conjoint : 1/2 
2026-02-11 17:13:15 - restant après conjoint : 1/2 
2026-02-11 17:13:15 - Part restant non distribué à la fin : 1/2 
2026-02-11 17:13:15 - fractionListMemeDenominateur : [1/2, 1/2]
2026-02-11 17:13:15 - Paramètres traités : conjoint_vivant = true, pere_vivant = false, mere_vivante = false, nb_filles = 1, nb_garcons = 1, nb_soeurs = 0, nb_freres = 0
2026-02-11 17:13:15 - Héritage part de départ : 1/1
2026-02-11 17:13:15 - conjoint : 1/8 
2026-02-11 17:13:15 - restant après conjoint : 7/8 
2026-02-11 17:13:15 - fille : 7/24 
2026-02-11 17:13:15 - restant après fille : 7/12 
2026-02-11 17:13:15 - garcon : 7/12 
2026-02-11 17:13:15 - restant après garçon : 0/1 
2026-02-11 17:13:15 - Part restant non distribué à la fin : 0/1 
2026-02-11 17:13:15 - fractionListMemeDenominateur : [3/24, 7/24, 14/24, 0/24]
2026-02-11 17:13:15 - Paramètres traités : conjoint_vivant = false, pere_vivant = false, mere_vivante = false, nb_filles = 1, nb_garcons = 1, nb_soeurs = 0, nb_freres = 0
2026-02-11 17:13:15 - Héritage part de départ : 1/1
2026-02-11 17:13:15 - fille : 1/3 
2026-02-11 17:13:15 - restant après fille : 2/3 
2026-02-11 17:13:15 - garcon : 2/3 
2026-02-11 17:13:15 - restant après garçon : 0/1 
2026-02-11 17:13:15 - Part restant non distribué à la fin : 0/1 
2026-02-11 17:13:15 - fractionListMemeDenominateur : [1/3, 2/3, 0/3]
2026-02-11 17:13:15 - Paramètres traités : conjoint_vivant = false, pere_vivant = true, mere_vivante = true, nb_filles = 0, nb_garcons = 0, nb_soeurs = 0, nb_freres = 0
2026-02-11 17:13:15 - Héritage part de départ : 1/1
2026-02-11 17:13:15 - pere : 2/3 
2026-02-11 17:13:15 - restant après père : 1/3 
2026-02-11 17:13:15 - mere : 1/3 
2026-02-11 17:13:15 - restant après mère : 0/1
2026-02-11 17:13:15 - Part restant non distribué à la fin : 0/1 
2026-02-11 17:13:15 - fractionListMemeDenominateur : [2/3, 1/3, 0/3]
[ERROR] Tests run: 5, Failures: 2, Errors: 0, Skipped: 0, Time elapsed: 17.75 s <<< FAILURE! -- in com.med.frida_calculs_app.CalculPartsServiceTest
[ERROR] com.med.frida_calculs_app.CalculPartsServiceTest.testCalculWithSpouseAndChildren_MaleDeceased -- Time elapsed: 0.062 s <<< FAILURE!
org.opentest4j.AssertionFailedError: Il devrait y avoir 2 types d'enfants (fille et garçon) ==> expected: <2> but was: <1>
	at org.junit.jupiter.api.AssertionFailureBuilder.build(AssertionFailureBuilder.java:151)
	at org.junit.jupiter.api.AssertionFailureBuilder.buildAndThrow(AssertionFailureBuilder.java:132)
	at org.junit.jupiter.api.AssertEquals.failNotEqual(AssertEquals.java:197)
	at org.junit.jupiter.api.AssertEquals.assertEquals(AssertEquals.java:166)
	at org.junit.jupiter.api.Assertions.assertEquals(Assertions.java:664)
	at com.med.frida_calculs_app.CalculPartsServiceTest.testCalculWithSpouseAndChildren_MaleDeceased(CalculPartsServiceTest.java:64)
	at java.base/java.lang.reflect.Method.invoke(Method.java:580)
	at java.base/java.util.ArrayList.forEach(ArrayList.java:1596)
	at java.base/java.util.ArrayList.forEach(ArrayList.java:1596)

[ERROR] com.med.frida_calculs_app.CalculPartsServiceTest.testBoyShareIsDoubleThatOfGirl -- Time elapsed: 0.032 s <<< FAILURE!
org.opentest4j.AssertionFailedError: Le garçon devrait être dans les héritiers ==> expected: not <null>
	at org.junit.jupiter.api.AssertionFailureBuilder.build(AssertionFailureBuilder.java:152)
	at org.junit.jupiter.api.AssertionFailureBuilder.buildAndThrow(AssertionFailureBuilder.java:132)
	at org.junit.jupiter.api.AssertNotNull.failNull(AssertNotNull.java:49)
	at org.junit.jupiter.api.AssertNotNull.assertNotNull(AssertNotNull.java:35)
	at org.junit.jupiter.api.Assertions.assertNotNull(Assertions.java:312)
	at com.med.frida_calculs_app.CalculPartsServiceTest.testBoyShareIsDoubleThatOfGirl(CalculPartsServiceTest.java:197)
	at java.base/java.lang.reflect.Method.invoke(Method.java:580)
	at java.base/java.util.ArrayList.forEach(ArrayList.java:1596)
	at java.base/java.util.ArrayList.forEach(ArrayList.java:1596)

[INFO] 
[INFO] Results:
[INFO] 
[ERROR] Failures: 
[ERROR]   CalculPartsServiceTest.testBoyShareIsDoubleThatOfGirl:197 Le garçon devrait être dans les héritiers ==> expected: not <null>
[ERROR]   CalculPartsServiceTest.testCalculWithSpouseAndChildren_MaleDeceased:64 Il devrait y avoir 2 types d'enfants (fille et garçon) ==> expected: <2> but was: <1>
[INFO] 
[ERROR] Tests run: 5, Failures: 2, Errors: 0, Skipped: 0
[INFO] 
[INFO] ------------------------------------------------------------------------
[INFO] BUILD FAILURE
[INFO] ------------------------------------------------------------------------
[INFO] Total time:  25.245 s
[INFO] Finished at: 2026-02-11T17:13:16+01:00
[INFO] ------------------------------------------------------------------------
[ERROR] Failed to execute goal org.apache.maven.plugins:maven-surefire-plugin:3.5.2:test (default-test) on project frida-calculs-api: There are test failures.
[ERROR] 
[ERROR] See C:\Users\hamoh\Documents\projets\frida\frida-micros\frida_calculs_api\target\surefire-reports for the individual test results.
[ERROR] See dump files (if any exist) [date].dump, [date]-jvmRun[N].dump and [date].dumpstream.
[ERROR] -> [Help 1]
[ERROR] 
[ERROR] To see the full stack trace of the errors, re-run Maven with the -e switch.
[ERROR] Re-run Maven using the -X switch to enable full debug logging.
[ERROR] 
[ERROR] For more information about the errors and possible solutions, please read the following articles:
[ERROR] [Help 1] http://cwiki.apache.org/confluence/display/MAVEN/MojoFailureException
